../Drivers/STM32WBxx_HAL_Driver/Inc/stm32wbxx_ll_rcc.h:1679:22:LL_RCC_LSE_SetDriveCapability	16	static
../Drivers/STM32WBxx_HAL_Driver/Inc/stm32wbxx_ll_bus.h:539:22:LL_AHB2_GRP1_EnableClock	24	static
../Core/Src/main.c:83:6:HAL_RTCEx_WakeUpTimerEventCallback	24	static
../Core/Src/main.c:160:5:main	64	static
../Core/Src/main.c:265:6:SystemClock_Config	112	static
../Core/Src/main.c:331:6:PeriphCommonClock_Config	88	static
../Core/Src/main.c:354:13:MX_NVIC_Init	8	static
../Core/Src/main.c:366:13:MX_RTC_Init	32	static
../Core/Src/main.c:438:13:MX_SPI1_Init	8	static
../Core/Src/main.c:478:13:MX_USART1_UART_Init	8	static
../Core/Src/main.c:526:13:MX_USB_PCD_Init	8	static
../Core/Src/main.c:559:13:MX_GPIO_Init	32	static
../Core/Src/main.c:615:6:Error_Handler	4	static,ignoring_inline_asm
