../Core/Src/sharp_memory_display.c:28:6:clearDisplay	8	static
../Core/Src/sharp_memory_display.c:36:6:init_display	8	static
../Core/Src/sharp_memory_display.c:50:6:toggle_vcom	8	static
../Core/Src/sharp_memory_display.c:59:6:writeDisplayBuffer	24	static,ignoring_inline_asm
../Core/Src/sharp_memory_display.c:83:6:sendToDisplay	24	static,ignoring_inline_asm
../Core/Src/sharp_memory_display.c:116:6:sendToDisplay_DMA	4	static
../Core/Src/sharp_memory_display.c:120:6:fillSquare	40	static
../Core/Src/sharp_memory_display.c:145:6:fillRectangle	40	static
../Core/Src/sharp_memory_display.c:171:6:drawLine_H	40	static
../Core/Src/sharp_memory_display.c:189:6:drawLine_V	40	static
../Core/Src/sharp_memory_display.c:207:6:drawLine	48	static
../Core/Src/sharp_memory_display.c:220:6:setPixel	32	static
../Core/Src/sharp_memory_display.c:233:6:setPixel_BB	48	static
../Core/Src/sharp_memory_display.c:248:6:drawChar	64	static
../Core/Src/sharp_memory_display.c:277:6:drawChar_optimized	80	static
../Core/Src/sharp_memory_display.c:317:6:drawString	24	static
../Core/Src/sharp_memory_display.c:326:6:invertDisplayBuffer	16	static
../Core/Src/sharp_memory_display.c:334:6:initDisplayBuffer	8	static
../Core/Src/sharp_memory_display.c:339:6:initCurrentBuffer	8	static
../Core/Src/sharp_memory_display.c:343:6:drawSomething	16	static
../Core/Src/sharp_memory_display.c:355:6:drawCircle	40	static
../Core/Src/sharp_memory_display.c:380:6:fillCircle	40	static
