../Core/Src/sharp_memory_display.c:30:6:clearDisplay	8	static
../Core/Src/sharp_memory_display.c:38:6:init_display	8	static
../Core/Src/sharp_memory_display.c:52:14:toggle_vcom	16	static
../Core/Src/sharp_memory_display.c:62:6:writeDisplayBuffer	24	static,ignoring_inline_asm
../Core/Src/sharp_memory_display.c:86:14:sendToDisplay	32	static,ignoring_inline_asm
../Core/Src/sharp_memory_display.c:119:14:updateDisplay	40	static,ignoring_inline_asm
../Core/Src/sharp_memory_display.c:155:6:sendToDisplay_DMA	4	static
../Core/Src/sharp_memory_display.c:159:6:fillSquare	72	static
../Core/Src/sharp_memory_display.c:197:6:fillRectangle	72	static
../Core/Src/sharp_memory_display.c:237:6:drawRectangle	32	static
../Core/Src/sharp_memory_display.c:246:6:drawLine_H	64	static
../Core/Src/sharp_memory_display.c:281:6:drawShortLine_H	40	static
../Core/Src/sharp_memory_display.c:297:6:drawLine_V	48	static
../Core/Src/sharp_memory_display.c:312:6:drawLine	48	static
../Core/Src/sharp_memory_display.c:325:6:setPixel	32	static
../Core/Src/sharp_memory_display.c:338:6:setPixel_BB	48	static
../Core/Src/sharp_memory_display.c:353:6:drawChar	72	static
../Core/Src/sharp_memory_display.c:394:6:drawString	24	static
../Core/Src/sharp_memory_display.c:403:6:numToString	56	static
../Core/Src/sharp_memory_display.c:417:6:drawThickLine	104	static
../Core/Src/sharp_memory_display.c:436:6:drawFilledPolygon	48	static
../Core/Src/sharp_memory_display.c:458:6:drawPolygon	88	static
../Core/Src/sharp_memory_display.c:485:6:invertDisplayBuffer	16	static
../Core/Src/sharp_memory_display.c:501:6:initDisplayBuffer	8	static
../Core/Src/sharp_memory_display.c:506:6:initCurrentBuffer	8	static
../Core/Src/sharp_memory_display.c:510:6:resetCurrentBufferLines	24	static
../Core/Src/sharp_memory_display.c:516:6:drawSomething	16	static
../Core/Src/sharp_memory_display.c:528:6:drawCircle	40	static
../Core/Src/sharp_memory_display.c:553:6:drawThickCircle	40	static
../Core/Src/sharp_memory_display.c:580:6:fillCircle	40	static
