../Core/Src/sharp_memory_display.c:27:6:clearDisplay	8	static
../Core/Src/sharp_memory_display.c:35:6:init_display	8	static
../Core/Src/sharp_memory_display.c:49:14:toggle_vcom	16	static
../Core/Src/sharp_memory_display.c:59:6:writeDisplayBuffer	24	static,ignoring_inline_asm
../Core/Src/sharp_memory_display.c:83:14:sendToDisplay	32	static,ignoring_inline_asm
../Core/Src/sharp_memory_display.c:116:14:updateDisplay	40	static,ignoring_inline_asm
../Core/Src/sharp_memory_display.c:152:6:sendToDisplay_DMA	4	static
../Core/Src/sharp_memory_display.c:156:6:fillSquare	72	static
../Core/Src/sharp_memory_display.c:198:6:fillRectangle	72	static
../Core/Src/sharp_memory_display.c:261:6:drawLine_H	64	static
../Core/Src/sharp_memory_display.c:300:6:drawShortLine_H	40	static
../Core/Src/sharp_memory_display.c:316:6:drawLine_V	48	static
../Core/Src/sharp_memory_display.c:331:6:drawLine	48	static
../Core/Src/sharp_memory_display.c:344:6:setPixel	32	static
../Core/Src/sharp_memory_display.c:357:6:setPixel_BB	48	static
../Core/Src/sharp_memory_display.c:372:6:drawChar	80	static
../Core/Src/sharp_memory_display.c:412:6:drawString	24	static
../Core/Src/sharp_memory_display.c:420:6:numToString	56	static
../Core/Src/sharp_memory_display.c:434:6:invertDisplayBuffer	16	static
../Core/Src/sharp_memory_display.c:442:6:initDisplayBuffer	8	static
../Core/Src/sharp_memory_display.c:447:6:initCurrentBuffer	8	static
../Core/Src/sharp_memory_display.c:451:6:resetCurrentBufferLines	24	static
../Core/Src/sharp_memory_display.c:457:6:drawSomething	16	static
../Core/Src/sharp_memory_display.c:469:6:drawCircle	40	static
../Core/Src/sharp_memory_display.c:494:6:fillCircle	40	static
