../Core/Src/sharp_memory_display.c:27:6:clearDisplay	8	static
../Core/Src/sharp_memory_display.c:35:6:init_display	8	static
../Core/Src/sharp_memory_display.c:49:14:toggle_vcom	8	static
../Core/Src/sharp_memory_display.c:59:6:writeDisplayBuffer	24	static,ignoring_inline_asm
../Core/Src/sharp_memory_display.c:83:14:sendToDisplay	32	static,ignoring_inline_asm
../Core/Src/sharp_memory_display.c:118:6:sendToDisplay_DMA	4	static
../Core/Src/sharp_memory_display.c:122:6:fillSquare	40	static
../Core/Src/sharp_memory_display.c:147:6:fillRectangle	40	static
../Core/Src/sharp_memory_display.c:173:6:drawLine_H	40	static
../Core/Src/sharp_memory_display.c:191:6:drawLine_V	40	static
../Core/Src/sharp_memory_display.c:209:6:drawLine	48	static
../Core/Src/sharp_memory_display.c:222:6:setPixel	32	static
../Core/Src/sharp_memory_display.c:235:6:setPixel_BB	48	static
../Core/Src/sharp_memory_display.c:250:6:drawChar	80	static
../Core/Src/sharp_memory_display.c:290:6:drawString	24	static
../Core/Src/sharp_memory_display.c:298:6:numToString	56	static
../Core/Src/sharp_memory_display.c:312:6:invertDisplayBuffer	16	static
../Core/Src/sharp_memory_display.c:320:6:initDisplayBuffer	8	static
../Core/Src/sharp_memory_display.c:325:6:initCurrentBuffer	8	static
../Core/Src/sharp_memory_display.c:329:6:drawSomething	16	static
../Core/Src/sharp_memory_display.c:341:6:drawCircle	40	static
../Core/Src/sharp_memory_display.c:366:6:fillCircle	40	static
