../Core/Src/sharp_memory_display.c:27:6:clearDisplay	8	static
../Core/Src/sharp_memory_display.c:35:6:init_display	8	static
../Core/Src/sharp_memory_display.c:49:14:toggle_vcom	8	static
../Core/Src/sharp_memory_display.c:59:6:writeDisplayBuffer	24	static,ignoring_inline_asm
../Core/Src/sharp_memory_display.c:83:14:sendToDisplay	32	static,ignoring_inline_asm
../Core/Src/sharp_memory_display.c:116:14:updateDisplay	40	static,ignoring_inline_asm
../Core/Src/sharp_memory_display.c:151:6:sendToDisplay_DMA	4	static
../Core/Src/sharp_memory_display.c:155:6:fillSquare	40	static
../Core/Src/sharp_memory_display.c:180:6:fillRectangle	40	static
../Core/Src/sharp_memory_display.c:206:6:drawLine_H	40	static
../Core/Src/sharp_memory_display.c:224:6:drawLine_V	40	static
../Core/Src/sharp_memory_display.c:242:6:drawLine	48	static
../Core/Src/sharp_memory_display.c:255:6:setPixel	32	static
../Core/Src/sharp_memory_display.c:268:6:setPixel_BB	48	static
../Core/Src/sharp_memory_display.c:283:6:drawChar	80	static
../Core/Src/sharp_memory_display.c:323:6:drawString	24	static
../Core/Src/sharp_memory_display.c:331:6:numToString	56	static
../Core/Src/sharp_memory_display.c:345:6:invertDisplayBuffer	16	static
../Core/Src/sharp_memory_display.c:353:6:initDisplayBuffer	8	static
../Core/Src/sharp_memory_display.c:358:6:initCurrentBuffer	8	static
../Core/Src/sharp_memory_display.c:362:6:resetCurrentBuffer	24	static
../Core/Src/sharp_memory_display.c:368:6:drawSomething	16	static
../Core/Src/sharp_memory_display.c:380:6:drawCircle	40	static
../Core/Src/sharp_memory_display.c:405:6:fillCircle	40	static
