../Core/Src/sharp_memory_display.c:27:6:clearDisplay	8	static
../Core/Src/sharp_memory_display.c:35:6:init_display	8	static
../Core/Src/sharp_memory_display.c:49:14:toggle_vcom	16	static
../Core/Src/sharp_memory_display.c:59:6:writeDisplayBuffer	24	static,ignoring_inline_asm
../Core/Src/sharp_memory_display.c:83:14:sendToDisplay	32	static,ignoring_inline_asm
../Core/Src/sharp_memory_display.c:116:14:updateDisplay	40	static,ignoring_inline_asm
../Core/Src/sharp_memory_display.c:152:6:sendToDisplay_DMA	4	static
../Core/Src/sharp_memory_display.c:181:6:fillSquare	72	static
../Core/Src/sharp_memory_display.c:222:6:fillRectangle	40	static
../Core/Src/sharp_memory_display.c:248:6:drawLine_H	40	static
../Core/Src/sharp_memory_display.c:265:6:drawLine_V	40	static
../Core/Src/sharp_memory_display.c:283:6:drawLine	48	static
../Core/Src/sharp_memory_display.c:296:6:setPixel	32	static
../Core/Src/sharp_memory_display.c:309:6:setPixel_BB	48	static
../Core/Src/sharp_memory_display.c:324:6:drawChar	80	static
../Core/Src/sharp_memory_display.c:364:6:drawString	24	static
../Core/Src/sharp_memory_display.c:372:6:numToString	56	static
../Core/Src/sharp_memory_display.c:386:6:invertDisplayBuffer	16	static
../Core/Src/sharp_memory_display.c:394:6:initDisplayBuffer	8	static
../Core/Src/sharp_memory_display.c:399:6:initCurrentBuffer	8	static
../Core/Src/sharp_memory_display.c:403:6:resetCurrentBufferLines	24	static
../Core/Src/sharp_memory_display.c:409:6:drawSomething	16	static
../Core/Src/sharp_memory_display.c:421:6:drawCircle	40	static
../Core/Src/sharp_memory_display.c:446:6:fillCircle	40	static
